[2026-09-17T12:31:33.228Z][INFO] Command-line: 'C:\\Program Files\\Unity\\Hub\\Editor\\6000.5.5f1\\Editor\\Data\\Resources\\PackageManager\\Server\\UnityPackageManager.exe' server -s 22148 --ipc-path Unity-Upm-22148 -l 2 --log-file C:\\Users\\20241170150021\\Documents\\GitHub\\motores3pjd3v2026/Logs/upm.log
[2026-09-17T12:31:33.252Z][INFO] IPC server started (IPC path=Unity-Upm-22148).
[2026-09-17T12:31:33.252Z][INFO] Hint: To connect to this UPM instance, launch Unity with the command-line parameter -upmIpcPath Upm-22148.
[2026-09-17T12:31:35.362Z][INFO] project:list-packages <-- Request received
params: {}
[2026-09-17T12:31:35.376Z][INFO] project:list-packages <-- Request received
params: {}
[2026-09-17T12:31:35.443Z][INFO] project:list-packages --> 200 (81 ms)
[2026-09-17T12:31:35.803Z][INFO] project:list-packages --> 200 (427 ms)
[2026-09-17T12:31:35.870Z][INFO] config:project:get-registries <-- Request received
params: {}
[2026-09-17T12:31:35.873Z][INFO] config:project:get-registries --> 200 (3 ms)
[2026-09-17T12:31:35.884Z][INFO] project:list-packages <-- Request received
params: {}
[2026-09-17T12:31:35.916Z][INFO] project:list-packages --> 200 (32 ms)
[2026-09-17T12:31:36.846Z][INFO] project:list-packages <-- Request received
params: {}
[2026-09-17T12:31:36.872Z][INFO] project:list-packages <-- Request received
params: {}
[2026-09-17T12:31:36.880Z][INFO] project:list-packages --> 200 (34 ms)
[2026-09-17T12:31:36.898Z][INFO] project:list-packages --> 200 (26 ms)
[2026-09-17T12:31:36.913Z][INFO] config:project:get-registries <-- Request received
params: {}
[2026-09-17T12:31:36.915Z][INFO] config:project:get-registries --> 200 (2 ms)
[2026-09-17T12:31:37.712Z][INFO] project:list-packages <-- Request received
params: {}
[2026-09-17T12:31:37.739Z][INFO] project:list-packages --> 200 (27 ms)
[2026-09-17T12:31:39.153Z][INFO] project:list-packages <-- Request received
params: {}
[2026-09-17T12:31:39.180Z][INFO] project:list-packages --> 200 (27 ms)
